// Jest Snapshot v1, https://goo.gl/fbAQLP

exports[`teste do componente de listagem de tarefas deve renderizar o componente sem erros 1`] = `ShallowWrapper {}`;
